{{define "layout"}}
<!DOCTYPE html>
<html lang="en">
  <head>
    <meta charset="UTF-8" />
    <meta name="viewport" content="width=device-width, initial-scale=1.0" />
    {{block "head" .}}
      <title>{{.Title}}</title>
      <script src="https://cdn.jsdelivr.net/npm/@tailwindcss/browser@4"></script>
    {{end}}
  </head>
  <body><div class="max-w-7xl mx-auto px-4 py-8">
      {{block "content" .}}{{end}}
    </div>{{block "scripts" .}}
      <script src="https://unpkg.com/@livefir/livetemplate-client@latest/dist/livetemplate-client.browser.js"></script>
    {{end}}
  </body>
</html>
{{end}}


{{/* Add Modal - Modal wrapper for add form */}}
{{define "addModal"}}
  {{if .IsAdding}}
  <div style="position: fixed; top: 0; left: 0; width: 100%; height: 100%; background: rgba(0,0,0,0.5); display: flex; align-items: center; justify-content: center; z-index: 1000;">
    <div style="background: white; border-radius: 8px; padding: 2rem; max-width: 600px; width: 90%; max-height: 90vh; overflow-y: auto;">
      {{template "addForm" .}}
    </div>
  </div>
  {{end}}
{{end}}

{{/* Add form for resource */}}
{{define "addForm"}}
  <h2 class="text-xl font-semibold text-gray-700 mb-4">Add New Post</h2>

  {{if .lvt.HasError "_general"}}
  <div style="margin-bottom: 1rem; padding: 0.75rem; background-color: #fee; border: 1px solid #fcc; border-radius: 0.25rem; color: #c00;">
    {{.lvt.Error "_general"}}
  </div>
  {{end}}

  <form lvt-submit="add">
    <div class="mb-4">
      <label class="block text-sm font-medium text-gray-700 mb-2">Title</label>
      <input class="w-full px-3 py-2 border border-gray-300 rounded-md focus:outline-none focus:ring-2 focus:ring-blue-500" type="text" name="title" placeholder="Enter title" required {{if .lvt.HasError "title"}}aria-invalid="true"{{end}}>
      {{if .lvt.HasError "title"}}
      <small style="color: #c00; font-size: 0.875rem;">{{.lvt.Error "title"}}</small>
      {{end}}
    </div>
    <div class="mb-4">
      <label class="block text-sm font-medium text-gray-700 mb-2">Published</label>
      <label class="flex items-center">
        <input type="checkbox" name="published" value="true" {{if .lvt.HasError "published"}}aria-invalid="true"{{end}}>
        Published
      </label>
      {{if .lvt.HasError "published"}}
      <small style="color: #c00; font-size: 0.875rem;">{{.lvt.Error "published"}}</small>
      {{end}}
    </div>
    <div class="mb-4">
      <button class="bg-blue-600 text-white px-4 py-2 rounded-md hover:bg-blue-700 disabled:opacity-50" type="submit" lvt-disable-with="Adding...">Add Post</button>
      <button class="bg-gray-600 text-white px-2 py-1 text-sm rounded hover:bg-gray-700" type="button" lvt-click="cancel_add">Cancel</button>
    </div>
  </form>
{{end}}

{{/* Edit form for resource */}}
{{define "editForm"}}
  {{if ne .EditingID ""}}
  <h2 class="text-xl font-semibold text-gray-700 mb-4">Edit Post</h2>

  {{if .lvt.HasError "_general"}}
  <div style="margin-bottom: 1rem; padding: 0.75rem; background-color: #fee; border: 1px solid #fcc; border-radius: 0.25rem; color: #c00;">
    {{.lvt.Error "_general"}}
  </div>
  {{end}}

  <form lvt-submit="update">
    <input type="hidden" name="id" value="{{.EditingID}}">
    <div class="mb-4">
      <label class="block text-sm font-medium text-gray-700 mb-2">Title</label>
      <input class="w-full px-3 py-2 border border-gray-300 rounded-md focus:outline-none focus:ring-2 focus:ring-blue-500" type="text" name="title" placeholder="Enter title" value="{{.EditingPost.Title}}" required {{if .lvt.HasError "title"}}aria-invalid="true"{{end}}>
      {{if .lvt.HasError "title"}}
      <small style="color: #c00; font-size: 0.875rem;">{{.lvt.Error "title"}}</small>
      {{end}}
    </div>
    <div class="mb-4">
      <label class="block text-sm font-medium text-gray-700 mb-2">Published</label>
      <label class="flex items-center">
        <input type="checkbox" name="published" value="true" {{if .EditingPost.Published}}checked{{end}} {{if .lvt.HasError "published"}}aria-invalid="true"{{end}}>
        Published
      </label>
      {{if .lvt.HasError "published"}}
      <small style="color: #c00; font-size: 0.875rem;">{{.lvt.Error "published"}}</small>
      {{end}}
    </div>
    <div class="mb-4">
      <button class="bg-blue-600 text-white px-4 py-2 rounded-md hover:bg-blue-700 disabled:opacity-50" type="submit" lvt-disable-with="Updating...">Update Post</button>
      <button class="bg-gray-600 text-white px-2 py-1 text-sm rounded hover:bg-gray-700" type="button" lvt-click="cancel_edit">Cancel</button>
    </div>
  </form>
  {{end}}
{{end}}


{{/* Toolbar component with Add button, Search, and Sort */}}
{{define "toolbar"}}
<div class="bg-white shadow rounded-lg p-6 mb-6">
  <div style="display: flex; gap: 1rem; align-items: center; flex-wrap: wrap;">
    <!-- Search -->
    <div style="flex: 1; min-width: 200px;">
      <input class="w-full px-3 py-2 border border-gray-300 rounded-md focus:outline-none focus:ring-2 focus:ring-blue-500" type="search" name="query" placeholder="Search posts..." value="{{.SearchQuery}}" lvt-change="search" lvt-debounce="300">
    </div>

    <!-- Sort -->
    <div style="min-width: 200px;">
        <select class="w-full px-3 py-2 border border-gray-300 rounded-md focus:outline-none focus:ring-2 focus:ring-blue-500" name="sort_by" lvt-change="sort">
          <option value="" {{if eq .SortBy ""}}selected{{end}}>Newest First</option>
          <option value="title_asc" {{if eq .SortBy "title_asc"}}selected{{end}}>Title (A-Z)</option>
          <option value="title_desc" {{if eq .SortBy "title_desc"}}selected{{end}}>Title (Z-A)</option>
          <option value="oldest_first" {{if eq .SortBy "oldest_first"}}selected{{end}}>Oldest First</option>
        </select>
    </div>

    <!-- Add Button -->
    <button class="bg-blue-600 text-white px-4 py-2 rounded-md hover:bg-blue-700 disabled:opacity-50" lvt-click="open_add">
      + Add Post
    </button>
  </div>
</div>
{{end}}


{{/* Table wrapper component */}}
{{define "tableBox"}}
<div class="bg-white shadow rounded-lg p-6 mb-6">
  {{block "tableContent" .}}{{end}}
</div>
{{end}}

{{/* Resource table with data */}}
{{define "resourceTable"}}
  <h2 class="text-xl font-semibold text-gray-700 mb-4">Posts</h2>
  {{if gt (len .PaginatedPosts) 0}}
    <div class="overflow-x-auto">
      <table class="min-w-full divide-y divide-gray-200">
        <thead>
          <tr>
            <th>Title</th>
            <th>Actions</th>
          </tr>
        </thead>
        <tbody>
          {{range .PaginatedPosts}}
            <tr data-key="{{.ID}}">
              <td>
                {{.Title}}
              </td>
              <td>
                <button class="bg-gray-600 text-white px-2 py-1 text-sm rounded hover:bg-gray-700" lvt-click="edit" lvt-data-id="{{.ID}}">
                  Edit
                </button>
                <button class="bg-red-600 text-white px-2 py-1 text-sm rounded hover:bg-red-700" lvt-click="delete" lvt-data-id="{{.ID}}">
                  Delete
                </button>
              </td>
            </tr>
          {{end}}
        </tbody>
      </table>
    </div>
  {{else}}
    <p>
      {{if ne .SearchQuery ""}}
        No posts found matching "{{.SearchQuery}}"
      {{else}}
        No posts yet. Add one above!
      {{end}}
    </p>
  {{end}}
{{end}}


{{/* Pagination controls */}}
{{define "pagination"}}
  {{if gt .TotalPages 1}}
    <nav class="flex justify-between items-center mt-4" role="navigation" aria-label="pagination">
      <button class="px-4 py-2 border border-gray-300 rounded hover:bg-gray-50 disabled:opacity-50 disabled:cursor-not-allowed" lvt-click="prev_page" {{if eq .CurrentPage 1}}disabled{{end}}>
        Previous
      </button>
      <button class="px-4 py-2 border border-gray-300 rounded hover:bg-gray-50 disabled:opacity-50 disabled:cursor-not-allowed" lvt-click="next_page" {{if eq .CurrentPage .TotalPages}}disabled{{end}}>
        Next
      </button>
      <div class="flex items-center justify-center">
        <span class="px-4 py-2">
          Page {{.CurrentPage}} of {{.TotalPages}}
        </span>
      </div>
    </nav>
  {{end}}
{{end}}


{{/* Search box component */}}
{{define "searchBox"}}
<div class="bg-white shadow rounded-lg p-6 mb-6">
  <div class="mb-4">
    <label class="block text-sm font-medium text-gray-700 mb-2">Search</label>
    <input class="w-full px-3 py-2 border border-gray-300 rounded-md focus:outline-none focus:ring-2 focus:ring-blue-500" type="search" name="query" placeholder="Search posts..." value="{{.SearchQuery}}" lvt-change="search" lvt-debounce="300">
  </div>
</div>
{{end}}


{{/* Statistics display component */}}
{{define "stats"}}
<div class="bg-white shadow rounded-lg p-6 mb-6">
  <p>Total: <strong>{{.TotalCount}}</strong></p>
</div>
{{end}}


{{/* Sort dropdown component */}}
{{define "sortBox"}}
<div class="bg-white shadow rounded-lg p-6 mb-6">
  <div class="mb-4">
    <label class="block text-sm font-medium text-gray-700 mb-2">Sort by</label>
      <select class="w-full px-3 py-2 border border-gray-300 rounded-md focus:outline-none focus:ring-2 focus:ring-blue-500" name="sort_by" lvt-change="sort">
        <option value="" {{if eq .SortBy ""}}selected{{end}}>Newest First</option>
        <option value="title_asc" {{if eq .SortBy "title_asc"}}selected{{end}}>Title (A-Z)</option>
        <option value="title_desc" {{if eq .SortBy "title_desc"}}selected{{end}}>Title (Z-A)</option>
        <option value="oldest_first" {{if eq .SortBy "oldest_first"}}selected{{end}}>Oldest First</option>
      </select>
  </div>
</div>
{{end}}


{{template "layout" .}}

{{define "content"}}
  <h1 class="text-3xl font-bold text-gray-900 mb-6">{{.Title}}</h1>

  <!-- Toolbar with Add, Search, and Sort -->
  {{template "toolbar" .}}

  <!-- Add Modal -->
  {{template "addModal" .}}

  <!-- Edit Modal -->
  {{if ne .EditingID ""}}
  <div style="position: fixed; top: 0; left: 0; width: 100%; height: 100%; background: rgba(0,0,0,0.5); display: flex; align-items: center; justify-content: center; z-index: 1000;">
    <div style="background: white; border-radius: 8px; padding: 2rem; max-width: 600px; width: 90%; max-height: 90vh; overflow-y: auto;">
      {{template "editForm" .}}
    </div>
  </div>
  {{end}}

  <!-- Table -->
  {{template "tableBox" .}}
{{end}}

{{define "formContent"}}
  {{template "addForm" .}}
{{end}}

{{define "tableContent"}}
  {{template "resourceTable" .}}
  {{template "pagination" .}}
{{end}}


