package counter

import (
	"log"
	"net/http"
	"time"

	"github.com/livefir/livetemplate"
)

type CounterState struct {
	Title       string `json:"title"`
	LastUpdated string `json:"last_updated"`
	// Add your state fields here
}

func (s *CounterState) Change(ctx *livetemplate.ActionContext) error {
	switch ctx.Action {
	// Add your actions here
	default:
		log.Printf("Unknown action: %s", ctx.Action)
		return nil
	}

	s.LastUpdated = formatTime()
	return nil
}

func formatTime() string {
	return time.Now().Format("2006-01-02 15:04:05")
}

// Handler creates an http.Handler for this view
func Handler() http.Handler {
	state := &CounterState{
		Title:       "Counter",
		LastUpdated: formatTime(),
	}

	tmpl := livetemplate.New("counter", livetemplate.WithDevMode(false))
	return livetemplate.Mount(tmpl, state)
}
